[line1] Error at '+': Operands must be 2 numbers or 2 strings
