[line1] Error at 'return': expected expression.
[line4] Error at 'return': expected expression.
[line9] Error at 'return': expected expression.
[line14] Error at 'return': expected expression.
[line19] Error at 'return': expected expression.
[line24] Error at 'return': expected expression.
[line28] Error at 'return': expected expression.
